// Jest Snapshot v1, https://goo.gl/fbAQLP

exports[`should render the EditExpensePage Correctly 1`] = `
<div>
  <ExpenseForm
    expense={
      Object {
        "amount": 1087,
        "createdAt": -345600000,
        "description": "Rendt",
        "id": 1,
        "note": "",
      }
    }
    onSubmit={[Function]}
  />
  <button
    onClick={[Function]}
  >
    Remove
  </button>
</div>
`;
