// Jest Snapshot v1, https://goo.gl/fbAQLP

exports[`should render Expense List Item with given Expense 1`] = `
<div>
  <Link
    to="/edit/1"
  >
    <h3>
      Rendt
    </h3>
  </Link>
  <p>
    -
    $10.87
    -
    December 28th, 1969
  </p>
</div>
`;
